============================= test session starts =============================
platform win32 -- Python 3.13.3, pytest-9.0.2, pluggy-1.6.0
rootdir: C:\Users\singh\New folder (2)\ai-compass
plugins: anyio-4.11.0, Faker-40.4.0, cov-7.1.0, flask-1.3.0
collected 37 items

tests\test_auth.py ..                                                    [  5%]
tests\test_auth_flow.py FF                                               [ 10%]
tests\test_routes.py ................                                    [ 54%]
tests\test_smoke.py ...............                                      [ 94%]
tests\test_tool_routes.py EE                                             [100%]

=================================== ERRORS ====================================
____________________ ERROR at setup of test_tools_listing _____________________

    @pytest.fixture
    def client():
>       app = create_app()
              ^^^^^^^^^^^^

tests\test_tool_routes.py:8: 
_ _ _ _ _ _ _ _ _ _ _ _ _ _ _ _ _ _ _ _ _ _ _ _ _ _ _ _ _ _ _ _ _ _ _ _ _ _ _ _
app\__init__.py:114: in create_app
    _validate_runtime_config(app, is_production)
_ _ _ _ _ _ _ _ _ _ _ _ _ _ _ _ _ _ _ _ _ _ _ _ _ _ _ _ _ _ _ _ _ _ _ _ _ _ _ _

app = <Flask 'app'>, is_production = False

    def _validate_runtime_config(app: Flask, is_production: bool) -> None:
        if not str(app.config.get("SECRET_KEY") or "").strip():
>           raise RuntimeError("Missing required SECRET_KEY.")
E           RuntimeError: Missing required SECRET_KEY.

app\__init__.py:83: RuntimeError
_____________________ ERROR at setup of test_tool_detail ______________________

    @pytest.fixture
    def client():
>       app = create_app()
              ^^^^^^^^^^^^

tests\test_tool_routes.py:8: 
_ _ _ _ _ _ _ _ _ _ _ _ _ _ _ _ _ _ _ _ _ _ _ _ _ _ _ _ _ _ _ _ _ _ _ _ _ _ _ _
app\__init__.py:114: in create_app
    _validate_runtime_config(app, is_production)
_ _ _ _ _ _ _ _ _ _ _ _ _ _ _ _ _ _ _ _ _ _ _ _ _ _ _ _ _ _ _ _ _ _ _ _ _ _ _ _

app = <Flask 'app'>, is_production = False

    def _validate_runtime_config(app: Flask, is_production: bool) -> None:
        if not str(app.config.get("SECRET_KEY") or "").strip():
>           raise RuntimeError("Missing required SECRET_KEY.")
E           RuntimeError: Missing required SECRET_KEY.

app\__init__.py:83: RuntimeError
================================== FAILURES ===================================
________________ test_login_flow[login_data0-expected_status0] ________________

client = <FlaskClient <Flask 'app'>>
login_data = {'email': 'test@example.com', 'password': 'testpass'}
expected_status = (200, 302, 401)

    @pytest.mark.parametrize("login_data,expected_status", [
        ({'email': 'test@example.com', 'password': 'testpass'}, (200, 302, 401)),
        ({'email': 'test@example.com', 'password': 'wrongpass'}, (200, 302, 401)),
    ])
    def test_login_flow(client, login_data, expected_status):
        response = client.post('/login', data=login_data, follow_redirects=True)
>       assert response.status_code in expected_status
E       assert 400 in (200, 302, 401)
E        +  where 400 = <WrapperTestResponse streamed [400 BAD REQUEST]>.status_code

tests\test_auth_flow.py:11: AssertionError
________________ test_login_flow[login_data1-expected_status1] ________________

client = <FlaskClient <Flask 'app'>>
login_data = {'email': 'test@example.com', 'password': 'wrongpass'}
expected_status = (200, 302, 401)

    @pytest.mark.parametrize("login_data,expected_status", [
        ({'email': 'test@example.com', 'password': 'testpass'}, (200, 302, 401)),
        ({'email': 'test@example.com', 'password': 'wrongpass'}, (200, 302, 401)),
    ])
    def test_login_flow(client, login_data, expected_status):
        response = client.post('/login', data=login_data, follow_redirects=True)
>       assert response.status_code in expected_status
E       assert 400 in (200, 302, 401)
E        +  where 400 = <WrapperTestResponse streamed [400 BAD REQUEST]>.status_code

tests\test_auth_flow.py:11: AssertionError
=========================== short test summary info ===========================
FAILED tests/test_auth_flow.py::test_login_flow[login_data0-expected_status0]
FAILED tests/test_auth_flow.py::test_login_flow[login_data1-expected_status1]
ERROR tests/test_tool_routes.py::test_tools_listing - RuntimeError: Missing r...
ERROR tests/test_tool_routes.py::test_tool_detail - RuntimeError: Missing req...
=================== 2 failed, 33 passed, 2 errors in 3.08s ====================
